[magonedemo.blogspot.com/index.html]
[maxcdn.bootstrapcdn.com/font-awesome/4.7.0/css/font-awesome.min.css]
[ajax.googleapis.com/ajax/libs/jquery/1.12.4/jquery.min.js]
[backblue.gif]
[fade.gif]
[index.html]
[magonedemo.blogspot.com/favicon.ico]
[magonedemo.blogspot.com/feeds/posts/default]
[magonedemo.blogspot.com/feeds/posts/default9522]
[1.bp.blogspot.com/-ld8ozQnHZ5c/V9fiDv_F9RI/AAAAAAAARC4/xgyAqqmKCgc8nglV_V28YZM5ji6wyT1PACK4B/s1600/magone-logo.png]
[magonedemo.blogspot.com/2000/09/the-new-york-times.html]
[magonedemo.blogspot.com/2000/09/adapted-flatnews.html]
[magonedemo.blogspot.com/2000/09/sahifa-best-magazine-wordpress-theme.html]
[magonedemo.blogspot.com/2000/09/adapted-sevida-second-best-seller.html]
[magonedemo.blogspot.com/2000/08/elegant-pack-layout.c.delayed]
[magonedemo.blogspot.com/2015/08/layout-techno-spot.html]
[magonedemo.blogspot.com/2000/08/layout-stylish-zine.e.delayed]
[magonedemo.blogspot.com/2000/08/elegant-pack-layout.html]
[magonedemo.blogspot.com/2000/08/layout-minimal-times.10.delayed]
[magonedemo.blogspot.com/2000/08/layout-stylish-zine.html]
[magonedemo.blogspot.com/2000/08/layout-affiliate-marketers.12.delayed]
[magonedemo.blogspot.com/2000/08/layout-minimal-times.html]
[magonedemo.blogspot.com/2000/08/layout--dairy-notes.14.delayed]
[magonedemo.blogspot.com/2000/08/layout-affiliate-marketers.html]
[magonedemo.blogspot.com/2000/08/layout-absolute-writers.16.delayed]
[magonedemo.blogspot.com/2000/08/layout--dairy-notes.html]
[magonedemo.blogspot.com/2000/08/layout-financial-ist.18.delayed]
[magonedemo.blogspot.com/2000/08/layout-absolute-writers.html]
[magonedemo.blogspot.com/2000/08/layout-random-grids.1a.delayed]
[magonedemo.blogspot.com/2000/08/layout-financial-ist.html]
[magonedemo.blogspot.com/2000/08/layout-working-blocks.1c.delayed]
[magonedemo.blogspot.com/2000/08/layout-random-grids.html]
[magonedemo.blogspot.com/2000/08/layout-showcase-palette.1e.delayed]
[magonedemo.blogspot.com/2000/08/layout-working-blocks.html]
[magonedemo.blogspot.com/2000/08/layout-fluid-stacks.20.delayed]
[magonedemo.blogspot.com/2000/08/layout-showcase-palette.html]
[magonedemo.blogspot.com/2000/08/layout-fluid-stacks.html]
[magonedemo.blogspot.com/search/label/Staff Pick.html]
[magonedemo.blogspot.com/2015/04/potenti-bibendum-athletes-gayet-jared.24.delayed]
[magonedemo.blogspot.com/search/label/Features.html]
[magonedemo.blogspot.com/p/contact.26.delayed]
[magonedemo.blogspot.com/2015/04/potenti-bibendum-athletes-gayet-jared.html]
[resources.blogblog.com/img/icon18_wrench_allbkg.png]
[magonedemo.blogspot.com/p/contact.html]
[magonedemo.blogspot.com/search/label/Business.html]
[magonedemo.blogspot.com/search/label/Travel.html]
[magonedemo.blogspot.com/search/label/Technology.html]
[magonedemo.blogspot.com/search/label/Fashion.html]
[magonedemo.blogspot.com/search/label/Guest Posts.html]
[magonedemo.blogspot.com/search/label/Architecture.html]
[magonedemo.blogspot.com/search/label/Politics.html]
[3.bp.blogspot.com/-YcM4gHFmC9I/VtQiPmamGMI/AAAAAAAAQOA/HIOgzbUPQts/s1600/random-post-link.png]
[3.bp.blogspot.com/-LmdiCK9FioM/VYYzukmEiPI/AAAAAAAAKn4/lNPJXnar1wc/s1600/steve-jobs-invert.png]
[magonedemo.blogspot.com/search/label/Science.html]
[magonedemo.blogspot.com/search/label/Accessories.html]
[magonedemo.blogspot.com/search/label/Abstract.html]
[magonedemo.blogspot.com/search/label/Adapted.html]
[magonedemo.blogspot.com/search/label/Animals.html]
[magonedemo.blogspot.com/search/label/Art.html]
[magonedemo.blogspot.com/search/label/Asia.html]
[magonedemo.blogspot.com/search/label/Bank.html]
[magonedemo.blogspot.com/search/label/Blogging.html]
[magonedemo.blogspot.com/search/label/Book.html]
[magonedemo.blogspot.com/search/label/Brain.html]
[magonedemo.blogspot.com/search/label/Build Jobs.html]
[magonedemo.blogspot.com/search/label/Cancer.html]
[magonedemo.blogspot.com/search/label/Cells.html]
[magonedemo.blogspot.com/search/label/Character.html]
[magonedemo.blogspot.com/search/label/Children.html]
[magonedemo.blogspot.com/search/label/Collections.html]
[magonedemo.blogspot.com/search/label/Company.html]
[magonedemo.blogspot.com/search/label/Concepts.html]
[magonedemo.blogspot.com/search/label/Crazy.html]
[magonedemo.blogspot.com/search/label/Demos.html]
[magonedemo.blogspot.com/search/label/Digital Art.html]
[magonedemo.blogspot.com/search/label/Discovered.html]
[magonedemo.blogspot.com/search/label/Events.html]
[magonedemo.blogspot.com/search/label/Festival.html]
[magonedemo.blogspot.com/search/label/Flights.html]
[magonedemo.blogspot.com/search/label/Food.html]
[magonedemo.blogspot.com/search/label/FPS.html]
[magonedemo.blogspot.com/search/label/Future.html]
[magonedemo.blogspot.com/search/label/Galaxy.html]
[magonedemo.blogspot.com/search/label/Gallery.html]
[magonedemo.blogspot.com/search/label/Gaming.html]
[magonedemo.blogspot.com/search/label/Government.html]
[magonedemo.blogspot.com/search/label/Health.html]
[magonedemo.blogspot.com/search/label/Hospital.html]
[magonedemo.blogspot.com/search/label/Ideas.html]
[magonedemo.blogspot.com/search/label/Illustration.html]
[magonedemo.blogspot.com/search/label/Interior Design.html]
[magonedemo.blogspot.com/search/label/Labor.html]
[magonedemo.blogspot.com/search/label/Life.html]
[magonedemo.blogspot.com/search/label/Magazine.html]
[magonedemo.blogspot.com/search/label/Medic.html]
[magonedemo.blogspot.com/search/label/Music.html]
[magonedemo.blogspot.com/search/label/Nature.html]
[magonedemo.blogspot.com/search/label/Night.html]
[magonedemo.blogspot.com/search/label/Outfit.html]
[magonedemo.blogspot.com/search/label/People.html]
[magonedemo.blogspot.com/search/label/Phones.html]
[magonedemo.blogspot.com/search/label/Photography.html]
[magonedemo.blogspot.com/search/label/Places.html]
[magonedemo.blogspot.com/search/label/Plus.html]
[magonedemo.blogspot.com/search/label/Population.html]
[magonedemo.blogspot.com/search/label/Portfolio.html]
[magonedemo.blogspot.com/search/label/Rail.html]
[magonedemo.blogspot.com/search/label/Recording.html]
[magonedemo.blogspot.com/search/label/Sea.html]
[magonedemo.blogspot.com/search/label/Seasons.html]
[magonedemo.blogspot.com/search/label/Sensors.html]
[magonedemo.blogspot.com/search/label/Services.html]
[magonedemo.blogspot.com/search/label/Sexy.html]
[magonedemo.blogspot.com/search/label/Smartphones.html]
[magonedemo.blogspot.com/search/label/Space.html]
[magonedemo.blogspot.com/search/label/Startup.html]
[magonedemo.blogspot.com/search/label/Story.html]
[magonedemo.blogspot.com/search/label/Studio.html]
[magonedemo.blogspot.com/search/label/Success.html]
[magonedemo.blogspot.com/search/label/Summer.html]
[magonedemo.blogspot.com/search/label/Tips.html]
[magonedemo.blogspot.com/search/label/Trends.html]
[magonedemo.blogspot.com/search/label/Video Games.html]
[magonedemo.blogspot.com/search/label/Visual Effects.html]
[2.bp.blogspot.com/-1iv7M7HmwKE/VcdcLihiVxI/AAAAAAAALiI/w-lR0nRiyI8/s1600/MagOne-300250.jpg]
[2.bp.blogspot.com/-PpIc1RtbeiI/VZFHETTHKBI/AAAAAAAAKuU/BU0HkCWXdUs/w72-h72-p-k-no-nu/slider_01.jpg]
[2.bp.blogspot.com/-SosZzkt6sIM/Ve6hU_ictJI/AAAAAAAAMAc/oc-ppcyonJs/w72-h72-p-k-no-nu/nytime-logo.jpg]
[3.bp.blogspot.com/-PymmdRVG14c/Ve1njf895lI/AAAAAAAAL-s/RiqR65NVinw/w72-h72-p-k-no-nu/adapted-flatnews-logo.jpg]
[magonedemo.blogspot.com/search/label/Women.html]
[4.bp.blogspot.com/-ybS5NNc_ews/VtQV0gY4gEI/AAAAAAAAQNw/Qko3Cb2J340/s1600/exten-link.png]
[1.bp.blogspot.com/-b4bwvXO9dW4/VYamWoICIzI/AAAAAAAAKoY/QVXcIuk0UnY/s1600/magone-logo.png]
[magonedemo.blogspot.com/p/about.html]
[magonedemo.blogspot.com/p/forum.html]
[magonedemo.blogspot.com/p/policy.html]
[magonedemo.blogspot.com/p/faq.html]
[img1.blogblog.com/img/anon36.png]
[magonedemo.blogspot.com/p/shop.html]
[magonedemo.blogspot.com/_archive.87.delayed]
[magonedemo.blogspot.com/p/index.html]
[magonedemo.blogspot.com/;.88.delayed]
[magonedemo.blogspot.com/search/label/index.html]
[magonedemo.blogspot.com/vimeo.com/index.html]
[magonedemo.blogspot.com/s72-c/index.html]
[magonedemo.blogspot.com/youtube-nocookie.com/embed/index.html]
[magonedemo.blogspot.com/hqdefault.89.delayed]
[img1.blogblog.com/img/blank.gif]
[magonedemo.blogspot.com/youtube.com/embed/index.html]
[magonedemo.blogspot.com/youtu.be/index.html]
[www.blogger.com/static/v1/jsbin/1879413497-lbx.8b.delayed]
[magonedemo.blogspot.com/default/index.html]
[magonedemo.blogspot.com/comments/default/index.html]
[magonedemo.blogspot.com/summary/index.html]
[magonedemo.blogspot.com/posts/default/-/index.html]
[magonedemo.blogspot.com/img1.blogblog.com/img/blank.8c.delayed]
[magonedemo.blogspot.com/-/index.html]
[magonedemo.blogspot.com/videos/index.html]
[magonedemo.blogspot.com/v/index.html]
[magonedemo.blogspot.com/b/index.html]
[magonedemo.blogspot.com/blank.8d.delayed]
[www.blogger.com/static/v1/widgets/4078559275-widgets.js]
[magonedemo.blogspot.com/index.html]
[maxcdn.bootstrapcdn.com/font-awesome/4.7.0/css/font-awesome.min.css]
[www.blogger.com/dyn-css/authorization1f4e.css]
[magonedemo.blogspot.com/feeds/4829882069581189401/comments/default]
[2.bp.blogspot.com/-SosZzkt6sIM/Ve6hU_ictJI/AAAAAAAAMAc/oc-ppcyonJs/s1600/nytime-logo.jpg]
[2.bp.blogspot.com/-SXjh1nZuBEY/Ve6XtM6JCxI/AAAAAAAAMAQ/ed84aUkKhEc/s1600-r/nyt-logo-379x64.png]
[s7.addthis.com/js/300/addthis_widget.js]
[1.bp.blogspot.com/-GCZgnTmPMBk/VdPrZ1MUYXI/AAAAAAAALt4/kDPp85Zxj3w/s1600/ie-share-twiiter.png]
[2.bp.blogspot.com/-yhtupG4S4pY/VdPrZP56fII/AAAAAAAALto/tfRtn6o16JY/s1600/ie-share-facebook.png]
[4.bp.blogspot.com/-w3Nej6-Lwfk/VdPrZJsHYLI/AAAAAAAALts/A-8fIlSRVAk/s1600/ie-share-google-plus.png]
[assets.pinterest.com/js/pinmarklet2a3b.js]
[2.bp.blogspot.com/-PHnA3dCaqI4/VdPrZGg-MHI/AAAAAAAALtw/907msPmkj1c/s1600/ie-share-pinterest.png]
[connect.facebook.net/en_GB/sdk.js]
[2.bp.blogspot.com/-l9NgtwUjLlw/V9vLKcTaEEI/AAAAAAAARDM/sdV5Io-eED0uRUelK_XB8yqw6cQnnWmwgCLcB/s1600/demo-ads-336.png]
[magonedemo.blogspot.com/2000/09/_archive.9a.delayed]
[magonedemo.blogspot.com/2000/09/;.9b.delayed]
[magonedemo.blogspot.com/2000/09/vimeo.com/index.html]
[magonedemo.blogspot.com/2000/09/youtube-nocookie.com/embed/index.html]
[magonedemo.blogspot.com/2000/09/youtu.be/index.html]
[magonedemo.blogspot.com/2000/09/youtube.com/embed/index.html]
[magonedemo.blogspot.com/2000/09/img1.blogblog.com/img/blank.9c.delayed]
[magonedemo.blogspot.com/2000/09/blank.9d.delayed]
[magonedemo.blogspot.com/2000/09/the-new-york-times.html]
[magonedemo.blogspot.com/feeds/2787102855853289586/comments/default]
[3.bp.blogspot.com/-PymmdRVG14c/Ve1njf895lI/AAAAAAAAL-s/RiqR65NVinw/s1600/adapted-flatnews-logo.jpg]
[4.bp.blogspot.com/-VoNm1p_MNtU/VcLFZlmYSbI/AAAAAAAALeg/Q3wtc6G4uMU/s1600/MagOne-640.jpg]
[4.bp.blogspot.com/-8XJ-QTVfE9M/Ve1ICScf6oI/AAAAAAAAL-U/THuimgbvTc8/s1600-r/flatnews-logo.png]
[magonedemo.blogspot.com/2000/09/adapted-flatnews.html]
[magonedemo.blogspot.com/feeds/381204768179197210/comments/default]
[3.bp.blogspot.com/-4TRWKDcNmTU/Ve5lf0vW8MI/AAAAAAAAL_8/-Jwk7IZrZN0/s1600/adaped-sahifa-logo.jpg]
[1.bp.blogspot.com/-8zCOwPrLyg0/Ve5aaM2YWEI/AAAAAAAAL_s/d_Zk3KscqqA/s1600-r/sahifa-logo.png]
[magonedemo.blogspot.com/2000/09/sahifa-best-magazine-wordpress-theme.html]
[magonedemo.blogspot.com/feeds/2673860582804627517/comments/default]
[1.bp.blogspot.com/-zyYU5buVNI8/Ve5YJFtj4yI/AAAAAAAAL_Q/PSlXSJ85i8M/s1600/adaped-sevida-logo.png]
[2.bp.blogspot.com/-cy8ddEWROKQ/Ve1ti4QHTRI/AAAAAAAAL_A/11kV0aNRZMs/s1600-r/logosevidahijau.png]
[magonedemo.blogspot.com/2000/09/adapted-sevida-second-best-seller.html]
[magonedemo.blogspot.com/feeds/3747699998040279869/comments/default]
[3.bp.blogspot.com/-wFSb20Jre0c/VcdNJQYN5EI/AAAAAAAALgs/9OOZKiQbG_Y/s1600/magaone-techno-spot.jpg]
[magonedemo.blogspot.com/2015/08/_archive.aa.delayed]
[magonedemo.blogspot.com/2015/08/;.ab.delayed]
[magonedemo.blogspot.com/2015/08/youtube-nocookie.com/embed/index.html]
[magonedemo.blogspot.com/2015/08/youtube.com/embed/index.html]
[magonedemo.blogspot.com/2015/08/vimeo.com/index.html]
[magonedemo.blogspot.com/2015/08/youtu.be/index.html]
[magonedemo.blogspot.com/2015/08/img1.blogblog.com/img/blank.ac.delayed]
[magonedemo.blogspot.com/2015/08/blank.ad.delayed]
[magonedemo.blogspot.com/2015/08/layout-techno-spot.html]
[magonedemo.blogspot.com/feeds/8747584281098161792/comments/default]
[4.bp.blogspot.com/-GUa4EVBi06k/VcdbRZ_QleI/AAAAAAAALh4/fDYK_3faShM/s1600/layout-elegant-pack.jpg]
[magonedemo.blogspot.com/2000/08/_archive.b0.delayed]
[magonedemo.blogspot.com/2000/08/;.b1.delayed]
[magonedemo.blogspot.com/2000/08/youtu.be/index.html]
[magonedemo.blogspot.com/2000/08/youtube-nocookie.com/embed/index.html]
[magonedemo.blogspot.com/2000/08/vimeo.com/index.html]
[magonedemo.blogspot.com/2000/08/youtube.com/embed/index.html]
[magonedemo.blogspot.com/2000/08/img1.blogblog.com/img/blank.b2.delayed]
[magonedemo.blogspot.com/2000/08/blank.b3.delayed]
[magonedemo.blogspot.com/2000/08/elegant-pack-layout.html]
[magonedemo.blogspot.com/feeds/8694660797667189569/comments/default]
[4.bp.blogspot.com/-YNNH1PkmREk/VcdpgLI7I1I/AAAAAAAALiY/cQStxercyv4/s1600/layout-stylish-zine.jpg]
[magonedemo.blogspot.com/2000/08/layout-stylish-zine.html]
[magonedemo.blogspot.com/feeds/6843272210017014204/comments/default]
[4.bp.blogspot.com/-M3dQm9BViN8/Vcgj975rxgI/AAAAAAAALis/ERCoPKRR-Ww/s1600/layout-minimal-times.png]
[magonedemo.blogspot.com/2000/08/layout-minimal-times.html]
[magonedemo.blogspot.com/feeds/4554748122344982236/comments/default]
[3.bp.blogspot.com/-X5uI6JaWzOc/VchbapUPanI/AAAAAAAALi8/Y3PgSPN7IYA/s1600/layout-affiliate-marketers.jpg]
[www.google.com/js/bg/8kyPTNMW-zqNq-V9PnVNVSBmKik4rq0wKNVY1pnGG80.js]
[magonedemo.blogspot.com/b/csi9aec.js]
[magonedemo.blogspot.com/2000/08/layout-affiliate-marketers.html]
[magonedemo.blogspot.com/feeds/7522405643003527289/comments/default]
[1.bp.blogspot.com/-mf2VNvvfTjQ/Vci4v0WJeRI/AAAAAAAALjk/y20STM-eRu8/s1600/layout-blogging-dairy-notes.jpg]
[magonedemo.blogspot.com/2000/08/layout--dairy-notes.html]
[magonedemo.blogspot.com/feeds/2069766484034632645/comments/default]
[3.bp.blogspot.com/-aowtxD9ibNM/VcjBF_kzInI/AAAAAAAALlQ/TYtoXtvZ3TI/s1600/layout-absolute-writer.jpg]
[magonedemo.blogspot.com/2000/08/layout-absolute-writers.html]
[magonedemo.blogspot.com/feeds/5802836523418077677/comments/default]
[3.bp.blogspot.com/-e8vYHcHwhoQ/Vcmw8jR9oEI/AAAAAAAALnI/XZMG9zMmiJY/s1600/layout-blogging-financial-list.jpg]
[magonedemo.blogspot.com/2000/08/layout-financial-ist.html]
[magonedemo.blogspot.com/feeds/7055690116199913940/comments/default]
[2.bp.blogspot.com/-imSnfdRPEzQ/Vcm8OhGl6GI/AAAAAAAALnY/pm0lT4PCpdo/s1600/layout-portfolio-random-grid.jpg]
[magonedemo.blogspot.com/2000/08/layout-random-grids.html]
[magonedemo.blogspot.com/feeds/3044451698876692416/comments/default]
[1.bp.blogspot.com/-p04HV5R-NeE/VcnAku_NQbI/AAAAAAAALnk/nyAxm4IBBwU/s1600/layout-portfolio-working-blocks.jpg]
[magonedemo.blogspot.com/2000/08/layout-working-blocks.html]
[magonedemo.blogspot.com/feeds/3751656167173300750/comments/default]
[3.bp.blogspot.com/-AtdahH7LgsQ/VcnDHO3oFfI/AAAAAAAALnw/8L73dA36NGE/s1600/layout-showcase-palette.jpg]
[magonedemo.blogspot.com/2000/08/layout-showcase-palette.html]
[magonedemo.blogspot.com/feeds/396418494701587099/comments/default]
[3.bp.blogspot.com/-296crGnbYM8/VcnJQbAA1GI/AAAAAAAALoA/F9rcpXTOV7g/s1600/layout-fluid-stacks.jpg]
[magonedemo.blogspot.com/2000/08/layout-fluid-stacks.html]
[magonedemo.blogspot.com/search/label/_archive.html]
[magonedemo.blogspot.com/search/label/;.html]
[magonedemo.blogspot.com/search/label/vimeo.com/index.html]
[magonedemo.blogspot.com/search/label/youtube-nocookie.com/embed/index.html]
[magonedemo.blogspot.com/search/label/youtube.com/embed/index.html]
[magonedemo.blogspot.com/search/label/img1.blogblog.com/img/blank.cc.delayed]
[magonedemo.blogspot.com/search/label/youtu.be/index.html]
[magonedemo.blogspot.com/search/label/Staff Pick.html]
[magonedemo.blogspot.com/search/label/Features.html]
[magonedemo.blogspot.com/search/label/blank.html]
[2.bp.blogspot.com/-PpIc1RtbeiI/VZFHETTHKBI/AAAAAAAAKuU/BU0HkCWXdUs/s1600/slider_01.jpg]
[magonedemo.blogspot.com/feeds/7339394810647540503/comments/default]
[4.bp.blogspot.com/-FqUlNs1wpwA/VLuulXq5PyI/AAAAAAAAJI8/BL-ldWbH5_g/s1600/fashion_sad-day-outfit_195K.jpg]
[3.bp.blogspot.com/-u9kIurqSrcg/VcmjPgKZQ4I/AAAAAAAALmY/mSg4BTer27w/s1600/lock-01.jpg]
[2.bp.blogspot.com/-VJNucpJvSgQ/VcmjPtaNpVI/AAAAAAAALmg/LSXYp2Uq-Hk/s1600/lock-02.jpg]
[4.bp.blogspot.com/-0PxpZpcMpkE/VcmjPsuxe2I/AAAAAAAALmc/SH49RjdezDc/s1600/lock-03.jpg]
[3.bp.blogspot.com/-I9dGv3mpcAE/VcmjQCU-ELI/AAAAAAAALms/JIgqIQaZ_6Q/s1600/lock-04.jpg]
[2.bp.blogspot.com/-FWTPA0wmlcc/VLuujPFc-zI/AAAAAAAAJIw/fu5vTnLQ1aM/s1600/fashion_look-me-a-min_306K.jpg]
[2.bp.blogspot.com/-rzkriAWMRAQ/VLuuOgXcSnI/AAAAAAAAJFw/2Ec7X0XQ6l0/s1600/archi_brighter-kitchen-solution_483K.jpg]
[1.bp.blogspot.com/-TeWVCSiXjHU/VZZsLxGQVhI/AAAAAAAAKyI/gKzQsPh4xag/s1600/MagOne - Preview Banner.jpg]
[3.bp.blogspot.com/-8zp8uzDFMGs/VLuuz1swD5I/AAAAAAAAJLk/-HRRdwPyci4/s1600/game_playboy-gamepad-unplug_057K.jpg]
[1.bp.blogspot.com/-nESftZgdZ8Q/VLuuhzmkC6I/AAAAAAAAJIo/frkO_OZ9Y5A/s1600/fashion_girl-outdoor-in-park_436K.jpg]
[1.bp.blogspot.com/-mMUsr_ohalo/VLuu3cta7jI/AAAAAAAAJMQ/hkdN5puQZWY/s1600/travel_coocoo-forest-sun-fall_179K.jpg]
[3.bp.blogspot.com/-LF9YrNZRblo/VLuurEyiHhI/AAAAAAAAJKU/x7HbXCKMYP8/s1600/food_tea-mixing-coff_057K.jpg]
[4.bp.blogspot.com/-AZoFxJqM92g/VLuupolAVhI/AAAAAAAAJJ8/p5e0OtGqfdw/s1600/food_dishes-for-pinic_277K.jpg]
[4.bp.blogspot.com/-7FCHuvGf7pE/VLuuV2dms2I/AAAAAAAAJGo/BCeuRv5xPLg/s1600/car_life-is-faster_270K.jpg]
[1.bp.blogspot.com/-T7jZolFKooY/VLuuQdNoOMI/AAAAAAAAJF4/pOlk8SVNf9s/s1600/archi_receptionist-creative-spaces_234K.jpg]
[lh4.googleusercontent.com/-JTKLZF7yj9U/AAAAAAAAAAI/AAAAAAAACQw/2ku1eqCU9pA/s35-c/photo.jpg]
[lh4.googleusercontent.com/-HAIrXErbeHw/AAAAAAAAAAI/AAAAAAAAJbI/5ZmTjpKcGSk/s35-c/photo.jpg]
[lh3.googleusercontent.com/-KOouLuQAPm8/AAAAAAAAAAI/AAAAAAAAGBg/G8dbEfxBI60/s35-c/photo.jpg]
[magonedemo.blogspot.com/2015/04/potenti-bibendum-athletes-gayet-jared5815.html]
[magonedemo.blogspot.com/2015/04/potenti-bibendum-athletes-gayet-jared790a.html]
[magonedemo.blogspot.com/2015/04/potenti-bibendum-athletes-gayet-jared16a4.html]
[resources.blogblog.com/img/blank.gif]
[magonedemo.blogspot.com/2015/04/potenti-bibendum-athletes-gayet-jared49de.html]
[lh5.googleusercontent.com/-gWry2zovd10/AAAAAAAAAAI/AAAAAAAAeMQ/6-4-t4kpLuY/s35-c/photo.jpg]
[magonedemo.blogspot.com/2015/04/potenti-bibendum-athletes-gayet-jared578e.html]
[lh5.googleusercontent.com/-XArxJfufFtg/AAAAAAAAAAI/AAAAAAAATqQ/a47F94oXbvA/s35-c/photo.png]
[magonedemo.blogspot.com/2015/04/potenti-bibendum-athletes-gayet-jared3721.html]
[lh3.googleusercontent.com/-k2nWWLQ1WNo/AAAAAAAAAAI/AAAAAAAAOq8/V5ky1pW0abE/s35-c/photo.jpg]
[magonedemo.blogspot.com/2015/04/potenti-bibendum-athletes-gayet-jared7afc.html]
[magonedemo.blogspot.com/2015/04/potenti-bibendum-athletes-gayet-jared308f.html]
[magonedemo.blogspot.com/2015/04/potenti-bibendum-athletes-gayet-jared7864.html]
[magonedemo.blogspot.com/2015/04/potenti-bibendum-athletes-gayet-jared5a2c.html]
[lh3.googleusercontent.com/-2mVwPik1qzQ/AAAAAAAAAAI/AAAAAAAACOA/pNlK9QNPr8A/s35-c/photo.jpg]
[magonedemo.blogspot.com/2015/04/potenti-bibendum-athletes-gayet-jaredd813.html]
[lh6.googleusercontent.com/-oQs2rgzuYZ8/AAAAAAAAAAI/AAAAAAAAGrw/OJVQkGc8aC0/s35-c/photo.jpg]
[magonedemo.blogspot.com/2015/04/potenti-bibendum-athletes-gayet-jareda502.html]
[magonedemo.blogspot.com/2015/04/potenti-bibendum-athletes-gayet-jared8370.html]
[magonedemo.blogspot.com/2015/04/potenti-bibendum-athletes-gayet-jared0e24.html]
[magonedemo.blogspot.com/2015/04/potenti-bibendum-athletes-gayet-jared3d20.html]
[lh4.googleusercontent.com/--1K5y4WEvsc/AAAAAAAAAAI/AAAAAAAAAUU/4NiU55gvM04/s35-c/photo.jpg]
[magonedemo.blogspot.com/2015/04/potenti-bibendum-athletes-gayet-jared3d31.html]
[lh3.googleusercontent.com/-7zljhGjnEuk/AAAAAAAAAAI/AAAAAAAAAC8/gRaAH6sDJoY/s35-c/photo.jpg]
[magonedemo.blogspot.com/2015/04/potenti-bibendum-athletes-gayet-jared76e4.html]
[magonedemo.blogspot.com/2015/04/potenti-bibendum-athletes-gayet-jared3a68.html]
[lh4.googleusercontent.com/-R2_TEhEsrvA/AAAAAAAAAAI/AAAAAAAAC1Y/q984ZsOd-1E/s35-c/photo.jpg]
[magonedemo.blogspot.com/2015/04/potenti-bibendum-athletes-gayet-jared4cf6.html]
[lh6.googleusercontent.com/-8mov1zT1umw/AAAAAAAAAAI/AAAAAAAAARg/Cm0Jb6KGZ8U/s35-c/photo.png]
[magonedemo.blogspot.com/2015/04/potenti-bibendum-athletes-gayet-jared8cee.html]
[lh5.googleusercontent.com/-agGNX0ugsYI/AAAAAAAAAAI/AAAAAAAAB9Y/W4XY0_bTE9Y/s35-c/photo.jpg]
[magonedemo.blogspot.com/2015/04/potenti-bibendum-athletes-gayet-jared3fdc.html]
[magonedemo.blogspot.com/2015/04/potenti-bibendum-athletes-gayet-jared854f.html]
[magonedemo.blogspot.com/2015/04/potenti-bibendum-athletes-gayet-jared3f9b.html]
[magonedemo.blogspot.com/2015/04/potenti-bibendum-athletes-gayet-jaredb091.html]
[magonedemo.blogspot.com/2015/04/potenti-bibendum-athletes-gayet-jaredb2bc.html]
[magonedemo.blogspot.com/2015/04/potenti-bibendum-athletes-gayet-jared29f8.html]
[lh4.googleusercontent.com/-HLMWWD5XlEo/AAAAAAAAAAI/AAAAAAAAE-c/6kU9oau0YOg/s35-c/photo.jpg]
[magonedemo.blogspot.com/2015/04/potenti-bibendum-athletes-gayet-jarede60c.html]
[magonedemo.blogspot.com/2015/04/potenti-bibendum-athletes-gayet-jared98c5.html]
[magonedemo.blogspot.com/2015/04/potenti-bibendum-athletes-gayet-jarede58a.html]
[lh5.googleusercontent.com/-Ha0KWo9H2IA/AAAAAAAAAAI/AAAAAAAAAqk/ft6hPb-og0Y/s35-c/photo.jpg]
[magonedemo.blogspot.com/2015/04/potenti-bibendum-athletes-gayet-jareddf2a.html]
[magonedemo.blogspot.com/2015/04/potenti-bibendum-athletes-gayet-jaredb19f.html]
[magonedemo.blogspot.com/2015/04/potenti-bibendum-athletes-gayet-jared213f.html]
[magonedemo.blogspot.com/2015/04/potenti-bibendum-athletes-gayet-jared2d16.html]
[2.bp.blogspot.com/-j6LGwbrFkHg/VrYSX81GmJI/AAAAAAAACts/CD00RktgORs/s35/d6483efffa47f07145d1f8c8a0c96f60.jpg]
[magonedemo.blogspot.com/2015/04/potenti-bibendum-athletes-gayet-jaredaae7.html]
[lh3.googleusercontent.com/---_AWV4EoHM/AAAAAAAAAAI/AAAAAAAAA4k/HS6wlm7idSg/s35-c/photo.jpg]
[magonedemo.blogspot.com/2015/04/potenti-bibendum-athletes-gayet-jaredeec4.html]
[magonedemo.blogspot.com/2015/04/potenti-bibendum-athletes-gayet-jared69bc.html]
[magonedemo.blogspot.com/2015/04/potenti-bibendum-athletes-gayet-jared7bc2.html]
[lh3.googleusercontent.com/--BIeJxUFvRo/AAAAAAAAAAI/AAAAAAAAAGI/Dfn9sFuX-Gw/s35-c/photo.png]
[magonedemo.blogspot.com/2015/04/potenti-bibendum-athletes-gayet-jared5482.html]
[magonedemo.blogspot.com/2015/04/potenti-bibendum-athletes-gayet-jared929f.html]
[www.blogger.com/static/v1/jsbin/1646370754-comment_from_post_iframe.js]
[magonedemo.blogspot.com/2015/04/potenti-bibendum-athletes-gayet-jared8fd4.html]
[magonedemo.blogspot.com/2015/04/_archive.11b.delayed]
[magonedemo.blogspot.com/2015/04/;.11c.delayed]
[magonedemo.blogspot.com/2015/04/youtu.be/index.html]
[magonedemo.blogspot.com/2015/04/youtube-nocookie.com/embed/index.html]
[magonedemo.blogspot.com/2015/04/vimeo.com/index.html]
[magonedemo.blogspot.com/2015/04/youtube.com/embed/index.html]
[magonedemo.blogspot.com/2015/04/img1.blogblog.com/img/blank.11d.delayed]
[magonedemo.blogspot.com/2015/04/blank.11e.delayed]
[magonedemo.blogspot.com/2015/04/potenti-bibendum-athletes-gayet-jared.html]
[magonedemo.blogspot.com/p/_archive.11f.delayed]
[magonedemo.blogspot.com/p/;.120.delayed]
[magonedemo.blogspot.com/p/youtu.be/index.html]
[magonedemo.blogspot.com/p/youtube.com/embed/index.html]
[magonedemo.blogspot.com/p/vimeo.com/index.html]
[magonedemo.blogspot.com/p/youtube-nocookie.com/embed/index.html]
[magonedemo.blogspot.com/p/img1.blogblog.com/img/blank.121.delayed]
[magonedemo.blogspot.com/p/blank.122.delayed]
[magonedemo.blogspot.com/p/contact.html]
[magonedemo.blogspot.com/search/label/Business.html]
[magonedemo.blogspot.com/search/label/Travel.html]
[magonedemo.blogspot.com/search/label/Technology.html]
[magonedemo.blogspot.com/search/label/Fashion.html]
[magonedemo.blogspot.com/search/label/Guest Posts.html]
[magonedemo.blogspot.com/search/label/Architecture.html]
[magonedemo.blogspot.com/search/label/Politics.html]
[magonedemo.blogspot.com/search/label/Science.html]
[magonedemo.blogspot.com/search/label/Abstract.html]
[magonedemo.blogspot.com/search/label/Accessories.html]
[magonedemo.blogspot.com/search/label/Adapted.html]
[magonedemo.blogspot.com/search/label/Animals.html]
[magonedemo.blogspot.com/search/label/Art.html]
[magonedemo.blogspot.com/search/label/Asia.html]
[magonedemo.blogspot.com/search/label/Bank.html]
[magonedemo.blogspot.com/search/label/Blogging.html]
[magonedemo.blogspot.com/search/label/Book.html]
[magonedemo.blogspot.com/search/label/Brain.html]
[magonedemo.blogspot.com/search/label/Build Jobs.html]
[magonedemo.blogspot.com/search/label/Cancer.html]
[magonedemo.blogspot.com/search/label/Cells.html]
[magonedemo.blogspot.com/search/label/Character.html]
[magonedemo.blogspot.com/search/label/Children.html]
[magonedemo.blogspot.com/search/label/Collections.html]
[magonedemo.blogspot.com/search/label/Company.html]
[magonedemo.blogspot.com/search/label/Concepts.html]
[magonedemo.blogspot.com/search/label/Crazy.html]
[magonedemo.blogspot.com/search/label/Demos.html]
[magonedemo.blogspot.com/search/label/Digital Art.html]
[magonedemo.blogspot.com/search/label/Discovered.html]
[magonedemo.blogspot.com/search/label/Events.html]
[magonedemo.blogspot.com/search/label/Festival.html]
[magonedemo.blogspot.com/search/label/Flights.html]
[magonedemo.blogspot.com/search/label/Food.html]
[magonedemo.blogspot.com/search/label/FPS.html]
[magonedemo.blogspot.com/search/label/Future.html]
[magonedemo.blogspot.com/search/label/Galaxy.html]
[magonedemo.blogspot.com/search/label/Gallery.html]
[magonedemo.blogspot.com/search/label/Gaming.html]
[magonedemo.blogspot.com/search/label/Government.html]
[magonedemo.blogspot.com/search/label/Health.html]
[magonedemo.blogspot.com/search/label/Hospital.html]
[magonedemo.blogspot.com/search/label/Ideas.html]
[magonedemo.blogspot.com/search/label/Illustration.html]
[magonedemo.blogspot.com/search/label/Interior Design.html]
[magonedemo.blogspot.com/search/label/Labor.html]
[magonedemo.blogspot.com/search/label/Life.html]
[magonedemo.blogspot.com/search/label/Magazine.html]
[magonedemo.blogspot.com/search/label/Medic.html]
[magonedemo.blogspot.com/search/label/Music.html]
[magonedemo.blogspot.com/search/label/Nature.html]
[magonedemo.blogspot.com/search/label/Night.html]
[magonedemo.blogspot.com/search/label/Outfit.html]
[magonedemo.blogspot.com/search/label/People.html]
[magonedemo.blogspot.com/search/label/Phones.html]
[magonedemo.blogspot.com/search/label/Photography.html]
[magonedemo.blogspot.com/search/label/Places.html]
[magonedemo.blogspot.com/search/label/Plus.html]
[magonedemo.blogspot.com/search/label/Population.html]
[magonedemo.blogspot.com/search/label/Portfolio.html]
[magonedemo.blogspot.com/search/label/Rail.html]
[magonedemo.blogspot.com/search/label/Recording.html]
[magonedemo.blogspot.com/search/label/Sea.html]
[magonedemo.blogspot.com/search/label/Seasons.html]
[magonedemo.blogspot.com/search/label/Sensors.html]
[magonedemo.blogspot.com/search/label/Services.html]
[magonedemo.blogspot.com/search/label/Sexy.html]
[magonedemo.blogspot.com/search/label/Smartphones.html]
[magonedemo.blogspot.com/search/label/Space.html]
[magonedemo.blogspot.com/search/label/Startup.html]
[magonedemo.blogspot.com/search/label/Story.html]
[magonedemo.blogspot.com/search/label/Studio.html]
[magonedemo.blogspot.com/search/label/Success.html]
[magonedemo.blogspot.com/search/label/Summer.html]
[magonedemo.blogspot.com/search/label/Tips.html]
[magonedemo.blogspot.com/search/label/Trends.html]
[magonedemo.blogspot.com/search/label/Video Games.html]
[magonedemo.blogspot.com/search/label/Visual Effects.html]
[magonedemo.blogspot.com/search/label/Women.html]
[magonedemo.blogspot.com/p/about.html]
[magonedemo.blogspot.com/p/forum.html]
[magonedemo.blogspot.com/search/label/Films]
[magonedemo.blogspot.com/p/policy.html]
[magonedemo.blogspot.com/p/faq.html]
[magonedemo.blogspot.com/p/shop.html]
[magonedemo.blogspot.com/_archive.html]
[magonedemo.blogspot.com/p/index.html]
[magonedemo.blogspot.com/search/label/index.html]
[magonedemo.blogspot.com/;.html]
[magonedemo.blogspot.com/vimeo.com/index.html]
[magonedemo.blogspot.com/s72-c/index.html]
[magonedemo.blogspot.com/youtube-nocookie.com/embed/index.html]
[magonedemo.blogspot.com/youtube.com/embed/index.html]
[magonedemo.blogspot.com/youtu.be/index.html]
[magonedemo.blogspot.com/hqdefault.html]
[magonedemo.blogspot.com/comments/default/index.html]
[magonedemo.blogspot.com/default/index.html]
[magonedemo.blogspot.com/summary/index.html]
[magonedemo.blogspot.com/posts/default/-/index.html]
[magonedemo.blogspot.com/-/index.html]
[magonedemo.blogspot.com/feeds/index.html]
[magonedemo.blogspot.com/videos/index.html]
[magonedemo.blogspot.com/v/index.html]
[magonedemo.blogspot.com/b/index.html]
[magonedemo.blogspot.com/img1.blogblog.com/img/blank.html]
[magonedemo.blogspot.com/blank.html]
[connect.facebook.net/en_GB/sdk.js]
[magonedemo.blogspot.com/2000/09/_archive.html]
[magonedemo.blogspot.com/2000/09/;.html]
[magonedemo.blogspot.com/2000/09/vimeo.com/index.html]
[magonedemo.blogspot.com/2000/09/youtube-nocookie.com/embed/index.html]
[magonedemo.blogspot.com/2000/09/youtube.com/embed/index.html]
[magonedemo.blogspot.com/2000/09/youtu.be/index.html]
[magonedemo.blogspot.com/2000/09/img1.blogblog.com/img/blank.html]
[magonedemo.blogspot.com/2000/09/blank.html]
[magonedemo.blogspot.com/2015/08/_archive.html]
[magonedemo.blogspot.com/2015/08/;.html]
[magonedemo.blogspot.com/2015/08/vimeo.com/index.html]
[magonedemo.blogspot.com/2015/08/youtube-nocookie.com/embed/index.html]
[magonedemo.blogspot.com/2015/08/youtube.com/embed/index.html]
[magonedemo.blogspot.com/2015/08/youtu.be/index.html]
[magonedemo.blogspot.com/2015/08/img1.blogblog.com/img/blank.html]
[magonedemo.blogspot.com/2015/08/blank.html]
[magonedemo.blogspot.com/2000/08/_archive.html]
[magonedemo.blogspot.com/2000/08/;.html]
[magonedemo.blogspot.com/2000/08/vimeo.com/index.html]
[magonedemo.blogspot.com/2000/08/youtube-nocookie.com/embed/index.html]
[magonedemo.blogspot.com/2000/08/youtube.com/embed/index.html]
[magonedemo.blogspot.com/2000/08/youtu.be/index.html]
[magonedemo.blogspot.com/2000/08/img1.blogblog.com/img/blank.html]
[magonedemo.blogspot.com/2000/08/blank.html]
[magonedemo.blogspot.com/search/label/_archive.html]
[magonedemo.blogspot.com/search.html]
[magonedemo.blogspot.com/search/label/;.html]
[magonedemo.blogspot.com/search/label/;-2.html]
[magonedemo.blogspot.com/search/label/vimeo.html]
[magonedemo.blogspot.com/search/label/vimeo.com/_archive.127.delayed]
[magonedemo.blogspot.com/search/label/vimeo.com/;.128.delayed]
[magonedemo.blogspot.com/search/label/vimeo.com/youtube.com/embed/index.html]
[magonedemo.blogspot.com/search/label/vimeo.com/youtu.be/index.html]
[magonedemo.blogspot.com/search/label/vimeo.com/vimeo.com/index.html]
[magonedemo.blogspot.com/search/label/vimeo.com/youtube-nocookie.com/embed/index.html]
[magonedemo.blogspot.com/search/label/vimeo.com/img1.blogblog.com/img/blank.129.delayed]
[magonedemo.blogspot.com/search/label/vimeo.com/blank.12a.delayed]
[magonedemo.blogspot.com/search/label/vimeo.com/index.html]
[magonedemo.blogspot.com/search/label/youtube-nocookie.com/embed/index.html]
[magonedemo.blogspot.com/search/label/youtube.com/embed/index.html]
[magonedemo.blogspot.com/search/label/youtu.html]
[magonedemo.blogspot.com/search/label/youtu.be/_archive.12c.delayed]
[magonedemo.blogspot.com/search/label/youtu.be/;.12d.delayed]
[magonedemo.blogspot.com/search/label/youtu.be/vimeo.com/index.html]
[magonedemo.blogspot.com/search/label/youtu.be/youtu.be/index.html]
[magonedemo.blogspot.com/search/label/youtu.be/youtube-nocookie.com/embed/index.html]
[magonedemo.blogspot.com/search/label/youtu.be/youtube.com/embed/index.html]
[magonedemo.blogspot.com/search/label/youtu.be/img1.blogblog.com/img/blank.12e.delayed]
[magonedemo.blogspot.com/search/label/youtu.be/blank.12f.delayed]
[magonedemo.blogspot.com/search/label/youtu.be/index.html]
[magonedemo.blogspot.com/search/label/img1.blogblog.com/img/blank.html]
[magonedemo.blogspot.com/search/label/blank.html]
[magonedemo.blogspot.com/2015/04/potenti-bibendum-athletes-gayet-jared5815.html]
[magonedemo.blogspot.com/2015/04/potenti-bibendum-athletes-gayet-jared790a.html]
[magonedemo.blogspot.com/2015/04/potenti-bibendum-athletes-gayet-jared16a4.html]
[magonedemo.blogspot.com/2015/04/potenti-bibendum-athletes-gayet-jared49de.html]
[magonedemo.blogspot.com/2015/04/potenti-bibendum-athletes-gayet-jared578e.html]
[magonedemo.blogspot.com/2015/04/potenti-bibendum-athletes-gayet-jared3721.html]
[magonedemo.blogspot.com/2015/04/potenti-bibendum-athletes-gayet-jared7afc.html]
[magonedemo.blogspot.com/2015/04/potenti-bibendum-athletes-gayet-jared308f.html]
[magonedemo.blogspot.com/2015/04/potenti-bibendum-athletes-gayet-jared7864.html]
[magonedemo.blogspot.com/2015/04/potenti-bibendum-athletes-gayet-jared5a2c.html]
[magonedemo.blogspot.com/2015/04/potenti-bibendum-athletes-gayet-jaredd813.html]
[magonedemo.blogspot.com/2015/04/potenti-bibendum-athletes-gayet-jareda502.html]
[magonedemo.blogspot.com/2015/04/potenti-bibendum-athletes-gayet-jared8370.html]
[magonedemo.blogspot.com/2015/04/potenti-bibendum-athletes-gayet-jared0e24.html]
[magonedemo.blogspot.com/2015/04/potenti-bibendum-athletes-gayet-jared3d20.html]
[magonedemo.blogspot.com/2015/04/potenti-bibendum-athletes-gayet-jared3d31.html]
[magonedemo.blogspot.com/2015/04/potenti-bibendum-athletes-gayet-jared76e4.html]
[magonedemo.blogspot.com/2015/04/potenti-bibendum-athletes-gayet-jared3a68.html]
[magonedemo.blogspot.com/2015/04/potenti-bibendum-athletes-gayet-jared4cf6.html]
[magonedemo.blogspot.com/2015/04/potenti-bibendum-athletes-gayet-jared8cee.html]
[magonedemo.blogspot.com/2015/04/potenti-bibendum-athletes-gayet-jared3fdc.html]
[magonedemo.blogspot.com/2015/04/potenti-bibendum-athletes-gayet-jared854f.html]
[magonedemo.blogspot.com/2015/04/potenti-bibendum-athletes-gayet-jared3f9b.html]
[magonedemo.blogspot.com/2015/04/potenti-bibendum-athletes-gayet-jaredb091.html]
[magonedemo.blogspot.com/2015/04/potenti-bibendum-athletes-gayet-jaredb2bc.html]
[magonedemo.blogspot.com/2015/04/potenti-bibendum-athletes-gayet-jared29f8.html]
[magonedemo.blogspot.com/2015/04/potenti-bibendum-athletes-gayet-jarede60c.html]
[magonedemo.blogspot.com/2015/04/potenti-bibendum-athletes-gayet-jared98c5.html]
[magonedemo.blogspot.com/2015/04/potenti-bibendum-athletes-gayet-jarede58a.html]
[magonedemo.blogspot.com/2015/04/potenti-bibendum-athletes-gayet-jareddf2a.html]
[magonedemo.blogspot.com/2015/04/potenti-bibendum-athletes-gayet-jaredb19f.html]
[magonedemo.blogspot.com/2015/04/potenti-bibendum-athletes-gayet-jared213f.html]
[magonedemo.blogspot.com/2015/04/potenti-bibendum-athletes-gayet-jared2d16.html]
[magonedemo.blogspot.com/2015/04/potenti-bibendum-athletes-gayet-jaredaae7.html]
[magonedemo.blogspot.com/2015/04/potenti-bibendum-athletes-gayet-jaredeec4.html]
[magonedemo.blogspot.com/2015/04/potenti-bibendum-athletes-gayet-jared69bc.html]
[magonedemo.blogspot.com/2015/04/potenti-bibendum-athletes-gayet-jared7bc2.html]
[magonedemo.blogspot.com/2015/04/potenti-bibendum-athletes-gayet-jared5482.html]
[magonedemo.blogspot.com/2015/04/potenti-bibendum-athletes-gayet-jared929f.html]
[magonedemo.blogspot.com/2015/04/potenti-bibendum-athletes-gayet-jared8fd4.html]
[magonedemo.blogspot.com/2015/04/_archive.html]
[magonedemo.blogspot.com/2015/04/;.html]
[magonedemo.blogspot.com/2015/04/vimeo.com/index.html]
[magonedemo.blogspot.com/2015/04/youtube-nocookie.com/embed/index.html]
[magonedemo.blogspot.com/2015/04/youtube.com/embed/index.html]
[magonedemo.blogspot.com/2015/04/youtu.be/index.html]
[magonedemo.blogspot.com/2015/04/img1.blogblog.com/img/blank.html]
[magonedemo.blogspot.com/2015/04/blank.html]
[magonedemo.blogspot.com/p/_archive.html]
[magonedemo.blogspot.com/p/;.html]
[magonedemo.blogspot.com/p/vimeo.com/index.html]
[magonedemo.blogspot.com/p/youtube-nocookie.com/embed/index.html]
[magonedemo.blogspot.com/p/youtube.com/embed/index.html]
[magonedemo.blogspot.com/p/youtu.be/index.html]
[magonedemo.blogspot.com/p/img1.blogblog.com/img/blank.html]
[magonedemo.blogspot.com/p/blank.html]
[draft.blogger.com/dyn-css/authorization1f4e.css]
[magonedemo.blogspot.com/search/label/Films]
[magonedemo.blogspot.com/search.html]
[magonedemo.blogspot.com/search/label/;-2.html]
[magonedemo.blogspot.com/search/label/vimeo.html]
[magonedemo.blogspot.com/search/label/vimeo.com/_archive.html]
[magonedemo.blogspot.com/search/label/vimeo.com/;.html]
[magonedemo.blogspot.com/search/label/vimeo.com/vimeo.com/index.html]
[magonedemo.blogspot.com/search/label/vimeo.com/youtube-nocookie.com/embed/index.html]
[magonedemo.blogspot.com/search/label/vimeo.com/youtube.com/embed/index.html]
[magonedemo.blogspot.com/search/label/vimeo.com/youtu.be/index.html]
[magonedemo.blogspot.com/search/label/vimeo.com/img1.blogblog.com/img/blank.html]
[magonedemo.blogspot.com/search/label/vimeo.com/blank.html]
[magonedemo.blogspot.com/search/label/youtu.html]
[magonedemo.blogspot.com/search/label/youtu.be/_archive.html]
[magonedemo.blogspot.com/search/label/youtu.be/;.html]
[magonedemo.blogspot.com/search/label/youtu.be/vimeo.com/index.html]
[magonedemo.blogspot.com/search/label/youtu.be/youtube-nocookie.com/embed/index.html]
[magonedemo.blogspot.com/search/label/youtu.be/youtube.com/embed/index.html]
[magonedemo.blogspot.com/search/label/youtu.be/youtu.be/index.html]
[magonedemo.blogspot.com/search/label/youtu.be/img1.blogblog.com/img/blank.html]
[magonedemo.blogspot.com/search/label/youtu.be/blank.html]
